// Jest Snapshot v1, https://goo.gl/fbAQLP

exports[`Pruebas en <FirstApp /> debe de hacer match con el snapshot 1`] = `
<div>
  <h1
    data-testid="test-title"
  >
    Mi componente
  </h1>
  <p>
    56
  </p>
  <p>
    Fernando Herrera
  </p>
</div>
`;
